
> sentient-log@0.1.0 build
> next build

Γû▓ Next.js 16.2.2 (Turbopack)
- Environments: .env.local

node.exe : ΓÜá The 
"middleware" file 
convention is deprecated. 
Please use "proxy" 
instead. Learn more: https
://nextjs.org/docs/message
s/middleware-to-proxy
At C:\Program 
Files\nodejs\npm.ps1:29 
char:3
+   & $NODE_EXE 
$NPM_CLI_JS $args
+   ~~~~~~~~~~~~~~~~~~~~~~
~~~~~~~
    + CategoryInfo        
      : NotSpecified: (Γ  
  Üá The "middle...lewa   
 re-to-proxy:String) [    
], RemoteException
    + FullyQualifiedError 
   Id : NativeCommandErr  
  or
 
  Creating an optimized production build ...

> Build error occurred
Error: Turbopack build 
failed with 1 errors:
./src/app/globals.css
Error evaluating Node.js 
code
CssSyntaxError: C:\Users\H
arsh\Downloads\PROJECTSSSS
\SENTINENT LOG WEB APP\sen
tient-log\src\app\globals.
css:1535:150: Unknown 
word \n
    at Input.error (node_m
odules/postcss/lib/input.j
s:135:16) [C:\Users\Harsh\
Downloads\PROJECTSSSS\SENT
INENT LOG WEB APP\sentient
-log\.next\build\chunks\no
de_modules_13sb.px._.js:46
51:22]
    at error (node_modules
/postcss/lib/parser.js:595
:22) [C:\Users\Harsh\Downl
oads\PROJECTSSSS\SENTINENT
 LOG WEB APP\sentient-log\
.next\build\chunks\node_mo
dules_13sb.px._.js:5835:26
]
    at unknownWord (node_m
odules/postcss/lib/parser.
js:437:12) [C:\Users\Harsh
\Downloads\PROJECTSSSS\SEN
TINENT LOG WEB APP\sentien
t-log\.next\build\chunks\n
ode_modules_13sb.px._.js:5
697:18]
    at other (node_modules
/postcss/lib/parser.js:472
:16) [C:\Users\Harsh\Downl
oads\PROJECTSSSS\SENTINENT
 LOG WEB APP\sentient-log\
.next\build\chunks\node_mo
dules_13sb.px._.js:5724:26
]
    at parse (node_modules
/postcss/lib/parse.js:11:1
2) [C:\Users\Harsh\Downloa
ds\PROJECTSSSS\SENTINENT 
LOG WEB APP\sentient-log\.
next\build\chunks\node_mod
ules_13sb.px._.js:5861:16]
    at parser (node_module
s/postcss/lib/lazy-result.
js:165:16) [C:\Users\Harsh
\Downloads\PROJECTSSSS\SEN
TINENT LOG WEB APP\sentien
t-log\.next\build\chunks\n
ode_modules_13sb.px._.js:6
113:24]
    at Processor.process (
node_modules/postcss/lib/p
rocessor.js:53:14) [C:\Use
rs\Harsh\Downloads\PROJECT
SSSS\SENTINENT LOG WEB APP
\sentient-log\.next\build\
chunks\node_modules_13sb.p
x._.js:6579:20]
    at process (turbopack:
///[turbopack-node]/transf
orms/postcss.ts:70:51) [C:
\Users\Harsh\Downloads\PRO
JECTSSSS\SENTINENT LOG 
WEB APP\sentient-log\.next
\build\chunks\[root-of-the
-server]__0d-m0h0._.js:146
:52]
    at getValue (turbopack
:///[turbopack-node]/child
_process/evaluate.ts:89:29
) [C:\Users\Harsh\Download
s\PROJECTSSSS\SENTINENT 
LOG WEB APP\sentient-log\.
next\build\chunks\[root-of
-the-server]__0ubbtyl._.js
:443:37]
    at run (turbopack:///[
turbopack-node]/child_proc
ess/evaluate.ts:112:11) [C
:\Users\Harsh\Downloads\PR
OJECTSSSS\SENTINENT LOG 
WEB APP\sentient-log\.next
\build\chunks\[root-of-the
-server]__0ubbtyl._.js:464
:25]

Import trace:
  Client Component 
Browser:
    ./src/app/globals.css 
[Client Component Browser]
    ./src/app/layout.tsx 
[Server Component]


    at process (turbopack:
///[turbopack-node]/transf
orms/postcss.ts:70:51) [C:
\Users\Harsh\Downloads\PRO
JECTSSSS\SENTINENT LOG 
WEB APP\sentient-log\.next
\build\chunks\[root-of-the
-server]__0d-m0h0._.js:146
:52])
    at getValue (turbopack
:///[turbopack-node]/child
_process/evaluate.ts:89:29
) [C:\Users\Harsh\Download
s\PROJECTSSSS\SENTINENT 
LOG WEB APP\sentient-log\.
next\build\chunks\[root-of
-the-server]__0ubbtyl._.js
:443:37])
    at run (turbopack:///[
turbopack-node]/child_proc
ess/evaluate.ts:112:11) [C
:\Users\Harsh\Downloads\PR
OJECTSSSS\SENTINENT LOG 
WEB APP\sentient-log\.next
\build\chunks\[root-of-the
-server]__0ubbtyl._.js:464
:25])
